
> matrix-portfolio@1.2.0 build
> vite build

[36mvite v8.0.1 [32mbuilding client environment for production...[36m[39m
[2K
transforming...Γ£ô 88 modules transformed.
rendering chunks...
node.exe : [31mΓ£ù[39m 
Build failed in 225ms
At line:1 char:1
+ & "C:\Program 
Files\nodejs/node.exe" 
"C:\Program 
Files\nodejs/node_mo ...
+ ~~~~~~~~~~~~~~~~~~~~~~~~~~~
~~~~~~~~~~~~~~~~~~~~~~~~~~~~~
~~~~~~~~~~~~~
    + CategoryInfo           
   : NotSpecified: ([31mΓ£  
  ù[39m Build failed in 2   
 25ms:String) [], RemoteE    
xception
    + FullyQualifiedErrorId  
   : NativeCommandError
 
[31merror during build:
[31mBuild failed with 1 
error:

[31m[MISSING_EXPORT] 
Error:[0m "default" is not 
exported by 
"src/Components/Page 
Layout/styles.css".
   [38;5;246mΓò¡[0m[38;5;2
46mΓöÇ[0m[38;5;246m[[0m 
src/Components/Page 
Layout/Layout.jsx:4:8 
[38;5;246m][0m
   [38;5;246mΓöé[0m
 [38;5;246m4 Γöé[0m [38;5;
249mi[0m[38;5;249mm[0m[38
;5;249mp[0m[38;5;249mo[0m
[38;5;249mr[0m[38;5;249mt[
0m[38;5;249m 
[0mStyles[38;5;249m [0m[3
8;5;249mf[0m[38;5;249mr[0m
[38;5;249mo[0m[38;5;249mm
[0m[38;5;249m [0m[38;5;249
m"[0m[38;5;249m.[0m[38;5;
249m/[0m[38;5;249ms[0m[38
;5;249mt[0m[38;5;249my[0m
[38;5;249ml[0m[38;5;249me[
0m[38;5;249ms[0m[38;5;249m
.[0m[38;5;249mc[0m[38;5;2
49ms[0m[38;5;249ms[0m[38;
5;249m"[0m[38;5;249m;[0m
 [38;5;240m  Γöé[0m        
ΓöÇΓöÇΓöÇΓö¼ΓöÇΓöÇ  
 [38;5;240m  Γöé[0m        
   Γò░ΓöÇΓöÇΓöÇΓöÇ Missing 
export
[38;5;246mΓöÇΓöÇΓöÇΓò»[0m
[31m
    at aggregateBindingErrors
IntoJsError (file:///C:/Users
/Galvatron/Documents/GitHub/M
y-Portfolio/node_modules/roll
down/dist/shared/error-BO4SlZ
V_.mjs:48:18)
    at unwrapBindingResult (f
ile:///C:/Users/Galvatron/Doc
uments/GitHub/My-Portfolio/no
de_modules/rolldown/dist/shar
ed/error-BO4SlZV_.mjs:18:128)
    at #build (file:///C:/Use
rs/Galvatron/Documents/GitHub
/My-Portfolio/node_modules/ro
lldown/dist/shared/rolldown-b
uild-yQC7KN8K.mjs:3311:34)
    at async 
buildEnvironment (file:///C:/
Users/Galvatron/Documents/Git
Hub/My-Portfolio/node_modules
/vite/dist/node/chunks/node.j
s:32817:64)
    at async Object.build (fi
le:///C:/Users/Galvatron/Docu
ments/GitHub/My-Portfolio/nod
e_modules/vite/dist/node/chun
ks/node.js:33239:19)
    at async Object.buildApp 
(file:///C:/Users/Galvatron/D
ocuments/GitHub/My-Portfolio/
node_modules/vite/dist/node/c
hunks/node.js:33236:153)
    at async CAC.<anonymous> 
(file:///C:/Users/Galvatron/D
ocuments/GitHub/My-Portfolio/
node_modules/vite/dist/node/c
li.js:778:3) {
  errors: [Getter/Setter]
}[39m
